2026-09-20 20:01:20.941 CST [115950] LOG:  starting PostgreSQL 18.6 (Ubuntu 18.6-1.pgdg22.04+2) on x86_64-pc-linux-gnu, compiled by gcc (Ubuntu 11.4.0-1ubuntu1~22.04.3) 11.4.0, 64-bit
2026-09-20 20:01:20.942 CST [115950] LOG:  listening on IPv4 address "127.0.0.1", port 55484
2026-09-20 20:01:20.949 CST [115950] LOG:  listening on Unix socket "/tmp/polis-r05b-live3.gtAGql/socket/.s.PGSQL.55484"
2026-09-20 20:01:20.958 CST [115956] LOG:  database system was shut down at 2026-09-20 20:01:20 CST
2026-09-20 20:01:20.964 CST [115950] LOG:  database system is ready to accept connections
2026-09-20 20:01:30.856 CST [116059] ERROR:  relation "goose_db_version" does not exist at character 36
2026-09-20 20:01:30.856 CST [116059] STATEMENT:  SELECT version_id, is_applied from goose_db_version ORDER BY id DESC
2026-09-20 20:06:29.637 CST [115954] LOG:  checkpoint starting: time
2026-09-20 20:08:21.418 CST [115954] LOG:  checkpoint complete: wrote 1090 buffers (6.7%), wrote 3 SLRU buffers; 1 WAL file(s) added, 0 removed, 0 recycled; write=111.662 s, sync=0.092 s, total=111.782 s; sync files=437, longest=0.004 s, average=0.001 s; distance=5786 kB, estimate=5786 kB; lsn=0/1D04DD8, redo lsn=0/1CFD158
2026-09-20 20:10:10.057 CST [116260] ERROR:  column "created_at" does not exist at character 40
2026-09-20 20:10:10.057 CST [116260] STATEMENT:  SELECT * FROM worker_sessions ORDER BY created_at;
2026-09-20 20:10:19.900 CST [116277] ERROR:  relation "activity_events" does not exist at character 48
2026-09-20 20:10:19.900 CST [116277] STATEMENT:  SELECT company_seq,kind,subject_id,detail FROM activity_events ORDER BY company_seq;
2026-09-20 20:10:49.661 CST [116299] ERROR:  column "subject_id" does not exist at character 25
2026-09-20 20:10:49.661 CST [116299] STATEMENT:  SELECT company_seq,kind,subject_id,data FROM events ORDER BY company_seq;
2026-09-20 20:11:34.922 CST [115954] LOG:  checkpoint starting: time
2026-09-20 20:11:40.270 CST [115954] LOG:  checkpoint complete: wrote 53 buffers (0.3%), wrote 1 SLRU buffers; 0 WAL file(s) added, 0 removed, 0 recycled; write=5.317 s, sync=0.013 s, total=5.348 s; sync files=33, longest=0.004 s, average=0.001 s; distance=118 kB, estimate=5220 kB; lsn=0/1D1A9B8, redo lsn=0/1D1A960
2026-09-20 20:16:41.882 CST [115954] LOG:  checkpoint starting: time
2026-09-20 20:16:42.511 CST [115954] LOG:  checkpoint complete: wrote 6 buffers (0.0%), wrote 0 SLRU buffers; 0 WAL file(s) added, 0 removed, 0 recycled; write=0.603 s, sync=0.011 s, total=0.629 s; sync files=4, longest=0.007 s, average=0.003 s; distance=36 kB, estimate=4701 kB; lsn=0/1D23B00, redo lsn=0/1D23AA8
2026-09-20 20:26:32.498 CST [115950] LOG:  received fast shutdown request
2026-09-20 20:26:32.503 CST [115950] LOG:  aborting any active transactions
2026-09-20 20:26:32.505 CST [115950] LOG:  background worker "logical replication launcher" (PID 115959) exited with exit code 1
2026-09-20 20:26:32.505 CST [115954] LOG:  shutting down
2026-09-20 20:26:32.509 CST [115954] LOG:  checkpoint starting: shutdown immediate
2026-09-20 20:26:32.525 CST [115954] LOG:  checkpoint complete: wrote 0 buffers (0.0%), wrote 0 SLRU buffers; 0 WAL file(s) added, 0 removed, 0 recycled; write=0.002 s, sync=0.001 s, total=0.020 s; sync files=0, longest=0.000 s, average=0.000 s; distance=0 kB, estimate=4231 kB; lsn=0/1D23BB0, redo lsn=0/1D23BB0
2026-09-20 20:26:32.544 CST [115950] LOG:  database system is shut down
