2026-09-21 11:49:29.544 CST [160887] LOG:  starting PostgreSQL 18.6 (Ubuntu 18.6-1.pgdg22.04+2) on x86_64-pc-linux-gnu, compiled by gcc (Ubuntu 11.4.0-1ubuntu1~22.04.3) 11.4.0, 64-bit
2026-09-21 11:49:29.545 CST [160887] LOG:  listening on IPv4 address "127.0.0.1", port 55488
2026-09-21 11:49:29.553 CST [160887] LOG:  listening on Unix socket "/tmp/polis-r05b-live5.DOWWKU/socket/.s.PGSQL.55488"
2026-09-21 11:49:29.563 CST [160893] LOG:  database system was shut down at 2026-09-21 11:49:29 CST
2026-09-21 11:49:29.569 CST [160887] LOG:  database system is ready to accept connections
2026-09-21 11:49:38.316 CST [160997] ERROR:  relation "goose_db_version" does not exist at character 36
2026-09-21 11:49:38.316 CST [160997] STATEMENT:  SELECT version_id, is_applied from goose_db_version ORDER BY id DESC
2026-09-21 11:51:18.639 CST [161036] ERROR:  column "created_at" does not exist at character 90
2026-09-21 11:51:18.639 CST [161036] STATEMENT:  SELECT id,kind,owner,state,mission_id FROM tasks WHERE company_id='r05b-live-5' ORDER BY created_at,id;
2026-09-21 11:51:28.372 CST [161056] ERROR:  column "content" does not exist at character 37
2026-09-21 11:51:28.372 CST [161056] STATEMENT:  SELECT task_id,revision,digest,left(content,256) AS content_prefix FROM worker_workspaces WHERE company_id='r05b-live-5';
2026-09-21 11:52:04.579 CST [161108] ERROR:  column "id" does not exist at character 95
2026-09-21 11:52:04.579 CST [161108] STATEMENT:  SELECT * FROM task_validation_artifact_qualifications WHERE company_id='r05b-live-5' ORDER BY id;
2026-09-21 11:54:38.223 CST [160891] LOG:  checkpoint starting: time
2026-09-21 11:56:36.697 CST [160891] LOG:  checkpoint complete: wrote 1149 buffers (7.0%), wrote 3 SLRU buffers; 1 WAL file(s) added, 0 removed, 0 recycled; write=118.354 s, sync=0.084 s, total=118.474 s; sync files=438, longest=0.008 s, average=0.001 s; distance=5857 kB, estimate=5857 kB; lsn=0/1D0EBA8, redo lsn=0/1D0EB18
2026-09-21 11:58:10.760 CST [160887] LOG:  received fast shutdown request
2026-09-21 11:58:10.765 CST [160887] LOG:  aborting any active transactions
2026-09-21 11:58:10.768 CST [160887] LOG:  background worker "logical replication launcher" (PID 160896) exited with exit code 1
2026-09-21 11:58:10.769 CST [160891] LOG:  shutting down
2026-09-21 11:58:10.773 CST [160891] LOG:  checkpoint starting: shutdown immediate
2026-09-21 11:58:10.790 CST [160891] LOG:  checkpoint complete: wrote 0 buffers (0.0%), wrote 0 SLRU buffers; 0 WAL file(s) added, 0 removed, 0 recycled; write=0.002 s, sync=0.001 s, total=0.022 s; sync files=0, longest=0.000 s, average=0.000 s; distance=0 kB, estimate=5271 kB; lsn=0/1D0EC58, redo lsn=0/1D0EC58
2026-09-21 11:58:10.810 CST [160887] LOG:  database system is shut down
